#-----------------------------------------------------------
# Webtalk v2020.2 (64-bit)
# SW Build 3064766 on Wed Nov 18 09:12:45 MST 2020
# IP Build 3064653 on Wed Nov 18 14:17:31 MST 2020
# Start of session at: Tue Apr 26 23:38:23 2022
# Process ID: 12048
# Current directory: C:/Users/man01/OneDrive/Desktop/255_LAB5/ECE255_MANlab5/ECE255_MANlab5.sim/sim_1/behav/xsim
# Command line: wbtcv.exe -mode batch -source C:/Users/man01/OneDrive/Desktop/255_LAB5/ECE255_MANlab5/ECE255_MANlab5.sim/sim_1/behav/xsim/xsim.dir/TOP_behav/webtalk/xsim_webtalk.tcl -notrace
# Log file: C:/Users/man01/OneDrive/Desktop/255_LAB5/ECE255_MANlab5/ECE255_MANlab5.sim/sim_1/behav/xsim/webtalk.log
# Journal file: C:/Users/man01/OneDrive/Desktop/255_LAB5/ECE255_MANlab5/ECE255_MANlab5.sim/sim_1/behav/xsim\webtalk.jou
#-----------------------------------------------------------
source C:/Users/man01/OneDrive/Desktop/255_LAB5/ECE255_MANlab5/ECE255_MANlab5.sim/sim_1/behav/xsim/xsim.dir/TOP_behav/webtalk/xsim_webtalk.tcl -notrace
